                                 Started job on |	Mar 16 19:53:07
                             Started mapping on |	Mar 16 19:53:07
                                    Finished on |	Mar 16 19:53:23
       Mapping speed, Million of reads per hour |	22.50

                          Number of input reads |	100000
                      Average input read length |	300
                                    UNIQUE READS:
                   Uniquely mapped reads number |	99804
                        Uniquely mapped reads % |	99.80%
                          Average mapped length |	299.93
                       Number of splices: Total |	4
            Number of splices: Annotated (sjdb) |	0
                       Number of splices: GT/AG |	4
                       Number of splices: GC/AG |	0
                       Number of splices: AT/AC |	0
               Number of splices: Non-canonical |	0
                      Mismatch rate per base, % |	0.55%
                         Deletion rate per base |	0.00%
                        Deletion average length |	0.00
                        Insertion rate per base |	0.00%
                       Insertion average length |	0.00
                             MULTI-MAPPING READS:
        Number of reads mapped to multiple loci |	196
             % of reads mapped to multiple loci |	0.20%
        Number of reads mapped to too many loci |	0
             % of reads mapped to too many loci |	0.00%
                                  UNMAPPED READS:
  Number of reads unmapped: too many mismatches |	0
       % of reads unmapped: too many mismatches |	0.00%
            Number of reads unmapped: too short |	0
                 % of reads unmapped: too short |	0.00%
                Number of reads unmapped: other |	0
                     % of reads unmapped: other |	0.00%
                                  CHIMERIC READS:
                       Number of chimeric reads |	0
                            % of chimeric reads |	0.00%
